The four benefits to testing are:
1. specification
2. feedback
3. regression
4. granularity